- x  Paragons: Intro & Story 1
. x  nab "Intro"
. x  nab "Plot: The Tangled Web"
= x  Nancy Kress
. x  read & note "The Price of Oranges" & "One Damn Thing After Another"
. x  record "The Price of Oranges"
. x  nab "The Price of Oranges"
. x  nab "One Damn Thing After Another"
