- .  Paragons
. x  nab "Intro"
. x  nab "Plot: The Tangled Web"
= o  Nancy Kress
. x  read & note "The Price of Oranges" & "One Damn Thing After Another"
. x  record "The Price of Oranges"
. o  nab "The Price of Oranges"
. o  nab "One Damn Thing After Another"

