- .  Scene Tension - Character vs Character
= o  tasks
. x  nab from "If All Men Were Brothers, Would You Let One Marry Your Sister?"
. x  rough outline
. o  draft
. o  revise
. o  proof (grammar & style)
. o  add to pages/ & index/

