- .  Scene Conflict - Character vs Character
= .  concept
= o  tasks
. x  nab from "If All Men Were Brothers, Would You Let One Marry Your Sister?"
. o  rough outline
. o  draft
