- x  Add contents/ chapter
. x  full contents with links and descriptions
. x  the log there will function as project root

- x  Add mmx/ chapter
. x  mmx documentation
. x  it will interact with org/
