- .  page on "Communicating with Slip Boxes"
. .  "../drafts/1585685995.leaf"
= o  tasks
. x  nab and outline
. o  rough draft
. o  links to mmx
. o  spelling/grammar
. o  move to pages/
. o  add to org/index

