- .  Glibert Islands
. .  _A Pattern of Islands_, Arthur Grimble
